ISO-8859-2
AAA
cs-s.iso88592: ISO-8859-2
BBB
ISO-8859-2
CCC
ISO-8859-2
DDD
STDIN: ISO-8859-2
EEE
ISO-8859-2
FFF
ISO-8859-2
GGG
STDIN: ISO-8859-2
HHH
ISO-8859-2
III
cs-s.iso88592: ISO-8859-2
cs-s.iso88592: ISO-8859-2
JJJ
cs-s.iso88592: ISO-8859-2
cs-s.iso88592: ISO-8859-2
KKK
ISO-8859-2
ISO-8859-2
