2: LABEL
2: ERROR
3: EOL
3: LABEL
3: NAME: bar
3: ERROR
4: EOL
4: LABEL
4: NAME: baz
4: ERROR
5: EOL
5: LABEL
5: ERROR
6: EOL
6: EOF
