2: ERROR
3: EOL
4: ERROR
5: EOL
6: ERROR
7: EOL
7: ERROR
8: EOL
9: EOF
