modify_order_telephone-non-admin
initial attrs:
         objectclass: 'user'
      otherTelephone: '123'
== result ===[120]=======================
ERR_INSUFFICIENT_ACCESS_RIGHTS (50)
-- operations ---------------------------
      carLicense replace  3
      carLicense add      4
  otherTelephone replace  4
  otherTelephone add      4
  otherTelephone delete   123
----------------------------------
      carLicense replace  3
      carLicense add      4
  otherTelephone replace  4
  otherTelephone delete   123
  otherTelephone add      4
----------------------------------
      carLicense replace  3
      carLicense add      4
  otherTelephone add      4
  otherTelephone replace  4
  otherTelephone delete   123
----------------------------------
      carLicense replace  3
      carLicense add      4
  otherTelephone add      4
  otherTelephone delete   123
  otherTelephone replace  4
----------------------------------
      carLicense replace  3
      carLicense add      4
  otherTelephone delete   123
  otherTelephone replace  4
  otherTelephone add      4
----------------------------------
      carLicense replace  3
      carLicense add      4
  otherTelephone delete   123
  otherTelephone add      4
  otherTelephone replace  4
----------------------------------
      carLicense replace  3
  otherTelephone replace  4
      carLicense add      4
  otherTelephone add      4
  otherTelephone delete   123
----------------------------------
      carLicense replace  3
  otherTelephone replace  4
      carLicense add      4
  otherTelephone delete   123
  otherTelephone add      4
----------------------------------
      carLicense replace  3
  otherTelephone replace  4
  otherTelephone add      4
      carLicense add      4
  otherTelephone delete   123
----------------------------------
      carLicense replace  3
  otherTelephone replace  4
  otherTelephone add      4
  otherTelephone delete   123
      carLicense add      4
----------------------------------
      carLicense replace  3
  otherTelephone replace  4
  otherTelephone delete   123
      carLicense add      4
  otherTelephone add      4
----------------------------------
      carLicense replace  3
  otherTelephone replace  4
  otherTelephone delete   123
  otherTelephone add      4
      carLicense add      4
----------------------------------
      carLicense replace  3
  otherTelephone add      4
      carLicense add      4
  otherTelephone replace  4
  otherTelephone delete   123
----------------------------------
      carLicense replace  3
  otherTelephone add      4
      carLicense add      4
  otherTelephone delete   123
  otherTelephone replace  4
----------------------------------
      carLicense replace  3
  otherTelephone add      4
  otherTelephone replace  4
      carLicense add      4
  otherTelephone delete   123
----------------------------------
      carLicense replace  3
  otherTelephone add      4
  otherTelephone replace  4
  otherTelephone delete   123
      carLicense add      4
----------------------------------
      carLicense replace  3
  otherTelephone add      4
  otherTelephone delete   123
      carLicense add      4
  otherTelephone replace  4
----------------------------------
      carLicense replace  3
  otherTelephone add      4
  otherTelephone delete   123
  otherTelephone replace  4
      carLicense add      4
----------------------------------
      carLicense replace  3
  otherTelephone delete   123
      carLicense add      4
  otherTelephone replace  4
  otherTelephone add      4
----------------------------------
      carLicense replace  3
  otherTelephone delete   123
      carLicense add      4
  otherTelephone add      4
  otherTelephone replace  4
----------------------------------
      carLicense replace  3
  otherTelephone delete   123
  otherTelephone replace  4
      carLicense add      4
  otherTelephone add      4
----------------------------------
      carLicense replace  3
  otherTelephone delete   123
  otherTelephone replace  4
  otherTelephone add      4
      carLicense add      4
----------------------------------
      carLicense replace  3
  otherTelephone delete   123
  otherTelephone add      4
      carLicense add      4
  otherTelephone replace  4
----------------------------------
      carLicense replace  3
  otherTelephone delete   123
  otherTelephone add      4
  otherTelephone replace  4
      carLicense add      4
----------------------------------
      carLicense add      4
      carLicense replace  3
  otherTelephone replace  4
  otherTelephone add      4
  otherTelephone delete   123
----------------------------------
      carLicense add      4
      carLicense replace  3
  otherTelephone replace  4
  otherTelephone delete   123
  otherTelephone add      4
----------------------------------
      carLicense add      4
      carLicense replace  3
  otherTelephone add      4
  otherTelephone replace  4
  otherTelephone delete   123
----------------------------------
      carLicense add      4
      carLicense replace  3
  otherTelephone add      4
  otherTelephone delete   123
  otherTelephone replace  4
----------------------------------
      carLicense add      4
      carLicense replace  3
  otherTelephone delete   123
  otherTelephone replace  4
  otherTelephone add      4
----------------------------------
      carLicense add      4
      carLicense replace  3
  otherTelephone delete   123
  otherTelephone add      4
  otherTelephone replace  4
----------------------------------
      carLicense add      4
  otherTelephone replace  4
      carLicense replace  3
  otherTelephone add      4
  otherTelephone delete   123
----------------------------------
      carLicense add      4
  otherTelephone replace  4
      carLicense replace  3
  otherTelephone delete   123
  otherTelephone add      4
----------------------------------
      carLicense add      4
  otherTelephone replace  4
  otherTelephone add      4
      carLicense replace  3
  otherTelephone delete   123
----------------------------------
      carLicense add      4
  otherTelephone replace  4
  otherTelephone add      4
  otherTelephone delete   123
      carLicense replace  3
----------------------------------
      carLicense add      4
  otherTelephone replace  4
  otherTelephone delete   123
      carLicense replace  3
  otherTelephone add      4
----------------------------------
      carLicense add      4
  otherTelephone replace  4
  otherTelephone delete   123
  otherTelephone add      4
      carLicense replace  3
----------------------------------
      carLicense add      4
  otherTelephone add      4
      carLicense replace  3
  otherTelephone replace  4
  otherTelephone delete   123
----------------------------------
      carLicense add      4
  otherTelephone add      4
      carLicense replace  3
  otherTelephone delete   123
  otherTelephone replace  4
----------------------------------
      carLicense add      4
  otherTelephone add      4
  otherTelephone replace  4
      carLicense replace  3
  otherTelephone delete   123
----------------------------------
      carLicense add      4
  otherTelephone add      4
  otherTelephone replace  4
  otherTelephone delete   123
      carLicense replace  3
----------------------------------
      carLicense add      4
  otherTelephone add      4
  otherTelephone delete   123
      carLicense replace  3
  otherTelephone replace  4
----------------------------------
      carLicense add      4
  otherTelephone add      4
  otherTelephone delete   123
  otherTelephone replace  4
      carLicense replace  3
----------------------------------
      carLicense add      4
  otherTelephone delete   123
      carLicense replace  3
  otherTelephone replace  4
  otherTelephone add      4
----------------------------------
      carLicense add      4
  otherTelephone delete   123
      carLicense replace  3
  otherTelephone add      4
  otherTelephone replace  4
----------------------------------
      carLicense add      4
  otherTelephone delete   123
  otherTelephone replace  4
      carLicense replace  3
  otherTelephone add      4
----------------------------------
      carLicense add      4
  otherTelephone delete   123
  otherTelephone replace  4
  otherTelephone add      4
      carLicense replace  3
----------------------------------
      carLicense add      4
  otherTelephone delete   123
  otherTelephone add      4
      carLicense replace  3
  otherTelephone replace  4
----------------------------------
      carLicense add      4
  otherTelephone delete   123
  otherTelephone add      4
  otherTelephone replace  4
      carLicense replace  3
----------------------------------
  otherTelephone replace  4
      carLicense replace  3
      carLicense add      4
  otherTelephone add      4
  otherTelephone delete   123
----------------------------------
  otherTelephone replace  4
      carLicense replace  3
      carLicense add      4
  otherTelephone delete   123
  otherTelephone add      4
----------------------------------
  otherTelephone replace  4
      carLicense replace  3
  otherTelephone add      4
      carLicense add      4
  otherTelephone delete   123
----------------------------------
  otherTelephone replace  4
      carLicense replace  3
  otherTelephone add      4
  otherTelephone delete   123
      carLicense add      4
----------------------------------
  otherTelephone replace  4
      carLicense replace  3
  otherTelephone delete   123
      carLicense add      4
  otherTelephone add      4
----------------------------------
  otherTelephone replace  4
      carLicense replace  3
  otherTelephone delete   123
  otherTelephone add      4
      carLicense add      4
----------------------------------
  otherTelephone replace  4
      carLicense add      4
      carLicense replace  3
  otherTelephone add      4
  otherTelephone delete   123
----------------------------------
  otherTelephone replace  4
      carLicense add      4
      carLicense replace  3
  otherTelephone delete   123
  otherTelephone add      4
----------------------------------
  otherTelephone replace  4
      carLicense add      4
  otherTelephone add      4
      carLicense replace  3
  otherTelephone delete   123
----------------------------------
  otherTelephone replace  4
      carLicense add      4
  otherTelephone add      4
  otherTelephone delete   123
      carLicense replace  3
----------------------------------
  otherTelephone replace  4
      carLicense add      4
  otherTelephone delete   123
      carLicense replace  3
  otherTelephone add      4
----------------------------------
  otherTelephone replace  4
      carLicense add      4
  otherTelephone delete   123
  otherTelephone add      4
      carLicense replace  3
----------------------------------
  otherTelephone replace  4
  otherTelephone add      4
      carLicense replace  3
      carLicense add      4
  otherTelephone delete   123
----------------------------------
  otherTelephone replace  4
  otherTelephone add      4
      carLicense replace  3
  otherTelephone delete   123
      carLicense add      4
----------------------------------
  otherTelephone replace  4
  otherTelephone add      4
      carLicense add      4
      carLicense replace  3
  otherTelephone delete   123
----------------------------------
  otherTelephone replace  4
  otherTelephone add      4
      carLicense add      4
  otherTelephone delete   123
      carLicense replace  3
----------------------------------
  otherTelephone replace  4
  otherTelephone add      4
  otherTelephone delete   123
      carLicense replace  3
      carLicense add      4
----------------------------------
  otherTelephone replace  4
  otherTelephone add      4
  otherTelephone delete   123
      carLicense add      4
      carLicense replace  3
----------------------------------
  otherTelephone replace  4
  otherTelephone delete   123
      carLicense replace  3
      carLicense add      4
  otherTelephone add      4
----------------------------------
  otherTelephone replace  4
  otherTelephone delete   123
      carLicense replace  3
  otherTelephone add      4
      carLicense add      4
----------------------------------
  otherTelephone replace  4
  otherTelephone delete   123
      carLicense add      4
      carLicense replace  3
  otherTelephone add      4
----------------------------------
  otherTelephone replace  4
  otherTelephone delete   123
      carLicense add      4
  otherTelephone add      4
      carLicense replace  3
----------------------------------
  otherTelephone replace  4
  otherTelephone delete   123
  otherTelephone add      4
      carLicense replace  3
      carLicense add      4
----------------------------------
  otherTelephone replace  4
  otherTelephone delete   123
  otherTelephone add      4
      carLicense add      4
      carLicense replace  3
----------------------------------
  otherTelephone add      4
      carLicense replace  3
      carLicense add      4
  otherTelephone replace  4
  otherTelephone delete   123
----------------------------------
  otherTelephone add      4
      carLicense replace  3
      carLicense add      4
  otherTelephone delete   123
  otherTelephone replace  4
----------------------------------
  otherTelephone add      4
      carLicense replace  3
  otherTelephone replace  4
      carLicense add      4
  otherTelephone delete   123
----------------------------------
  otherTelephone add      4
      carLicense replace  3
  otherTelephone replace  4
  otherTelephone delete   123
      carLicense add      4
----------------------------------
  otherTelephone add      4
      carLicense replace  3
  otherTelephone delete   123
      carLicense add      4
  otherTelephone replace  4
----------------------------------
  otherTelephone add      4
      carLicense replace  3
  otherTelephone delete   123
  otherTelephone replace  4
      carLicense add      4
----------------------------------
  otherTelephone add      4
      carLicense add      4
      carLicense replace  3
  otherTelephone replace  4
  otherTelephone delete   123
----------------------------------
  otherTelephone add      4
      carLicense add      4
      carLicense replace  3
  otherTelephone delete   123
  otherTelephone replace  4
----------------------------------
  otherTelephone add      4
      carLicense add      4
  otherTelephone replace  4
      carLicense replace  3
  otherTelephone delete   123
----------------------------------
  otherTelephone add      4
      carLicense add      4
  otherTelephone replace  4
  otherTelephone delete   123
      carLicense replace  3
----------------------------------
  otherTelephone add      4
      carLicense add      4
  otherTelephone delete   123
      carLicense replace  3
  otherTelephone replace  4
----------------------------------
  otherTelephone add      4
      carLicense add      4
  otherTelephone delete   123
  otherTelephone replace  4
      carLicense replace  3
----------------------------------
  otherTelephone add      4
  otherTelephone replace  4
      carLicense replace  3
      carLicense add      4
  otherTelephone delete   123
----------------------------------
  otherTelephone add      4
  otherTelephone replace  4
      carLicense replace  3
  otherTelephone delete   123
      carLicense add      4
----------------------------------
  otherTelephone add      4
  otherTelephone replace  4
      carLicense add      4
      carLicense replace  3
  otherTelephone delete   123
----------------------------------
  otherTelephone add      4
  otherTelephone replace  4
      carLicense add      4
  otherTelephone delete   123
      carLicense replace  3
----------------------------------
  otherTelephone add      4
  otherTelephone replace  4
  otherTelephone delete   123
      carLicense replace  3
      carLicense add      4
----------------------------------
  otherTelephone add      4
  otherTelephone replace  4
  otherTelephone delete   123
      carLicense add      4
      carLicense replace  3
----------------------------------
  otherTelephone add      4
  otherTelephone delete   123
      carLicense replace  3
      carLicense add      4
  otherTelephone replace  4
----------------------------------
  otherTelephone add      4
  otherTelephone delete   123
      carLicense replace  3
  otherTelephone replace  4
      carLicense add      4
----------------------------------
  otherTelephone add      4
  otherTelephone delete   123
      carLicense add      4
      carLicense replace  3
  otherTelephone replace  4
----------------------------------
  otherTelephone add      4
  otherTelephone delete   123
      carLicense add      4
  otherTelephone replace  4
      carLicense replace  3
----------------------------------
  otherTelephone add      4
  otherTelephone delete   123
  otherTelephone replace  4
      carLicense replace  3
      carLicense add      4
----------------------------------
  otherTelephone add      4
  otherTelephone delete   123
  otherTelephone replace  4
      carLicense add      4
      carLicense replace  3
----------------------------------
  otherTelephone delete   123
      carLicense replace  3
      carLicense add      4
  otherTelephone replace  4
  otherTelephone add      4
----------------------------------
  otherTelephone delete   123
      carLicense replace  3
      carLicense add      4
  otherTelephone add      4
  otherTelephone replace  4
----------------------------------
  otherTelephone delete   123
      carLicense replace  3
  otherTelephone replace  4
      carLicense add      4
  otherTelephone add      4
----------------------------------
  otherTelephone delete   123
      carLicense replace  3
  otherTelephone replace  4
  otherTelephone add      4
      carLicense add      4
----------------------------------
  otherTelephone delete   123
      carLicense replace  3
  otherTelephone add      4
      carLicense add      4
  otherTelephone replace  4
----------------------------------
  otherTelephone delete   123
      carLicense replace  3
  otherTelephone add      4
  otherTelephone replace  4
      carLicense add      4
----------------------------------
  otherTelephone delete   123
      carLicense add      4
      carLicense replace  3
  otherTelephone replace  4
  otherTelephone add      4
----------------------------------
  otherTelephone delete   123
      carLicense add      4
      carLicense replace  3
  otherTelephone add      4
  otherTelephone replace  4
----------------------------------
  otherTelephone delete   123
      carLicense add      4
  otherTelephone replace  4
      carLicense replace  3
  otherTelephone add      4
----------------------------------
  otherTelephone delete   123
      carLicense add      4
  otherTelephone replace  4
  otherTelephone add      4
      carLicense replace  3
----------------------------------
  otherTelephone delete   123
      carLicense add      4
  otherTelephone add      4
      carLicense replace  3
  otherTelephone replace  4
----------------------------------
  otherTelephone delete   123
      carLicense add      4
  otherTelephone add      4
  otherTelephone replace  4
      carLicense replace  3
----------------------------------
  otherTelephone delete   123
  otherTelephone replace  4
      carLicense replace  3
      carLicense add      4
  otherTelephone add      4
----------------------------------
  otherTelephone delete   123
  otherTelephone replace  4
      carLicense replace  3
  otherTelephone add      4
      carLicense add      4
----------------------------------
  otherTelephone delete   123
  otherTelephone replace  4
      carLicense add      4
      carLicense replace  3
  otherTelephone add      4
----------------------------------
  otherTelephone delete   123
  otherTelephone replace  4
      carLicense add      4
  otherTelephone add      4
      carLicense replace  3
----------------------------------
  otherTelephone delete   123
  otherTelephone replace  4
  otherTelephone add      4
      carLicense replace  3
      carLicense add      4
----------------------------------
  otherTelephone delete   123
  otherTelephone replace  4
  otherTelephone add      4
      carLicense add      4
      carLicense replace  3
----------------------------------
  otherTelephone delete   123
  otherTelephone add      4
      carLicense replace  3
      carLicense add      4
  otherTelephone replace  4
----------------------------------
  otherTelephone delete   123
  otherTelephone add      4
      carLicense replace  3
  otherTelephone replace  4
      carLicense add      4
----------------------------------
  otherTelephone delete   123
  otherTelephone add      4
      carLicense add      4
      carLicense replace  3
  otherTelephone replace  4
----------------------------------
  otherTelephone delete   123
  otherTelephone add      4
      carLicense add      4
  otherTelephone replace  4
      carLicense replace  3
----------------------------------
  otherTelephone delete   123
  otherTelephone add      4
  otherTelephone replace  4
      carLicense replace  3
      carLicense add      4
----------------------------------
  otherTelephone delete   123
  otherTelephone add      4
  otherTelephone replace  4
      carLicense add      4
      carLicense replace  3
----------------------------------