modify_order_telephone_delete_delete
initial attrs:
         objectclass: 'user'
      otherTelephone: '123'
== result ===[ 20]=======================
          carLicense: [b'3']
         objectClass: [b'organizationalPerson', b'person', b'top', b'user']
-- operations ---------------------------
      carLicense delete   4
      carLicense replace  3
  otherTelephone replace  4
  otherTelephone delete   4
  otherTelephone delete   123
----------------------------------
      carLicense delete   4
      carLicense replace  3
  otherTelephone delete   4
  otherTelephone replace  4
  otherTelephone delete   123
----------------------------------
      carLicense delete   4
  otherTelephone replace  4
      carLicense replace  3
  otherTelephone delete   4
  otherTelephone delete   123
----------------------------------
      carLicense delete   4
  otherTelephone replace  4
  otherTelephone delete   4
      carLicense replace  3
  otherTelephone delete   123
----------------------------------
      carLicense delete   4
  otherTelephone replace  4
  otherTelephone delete   4
  otherTelephone delete   123
      carLicense replace  3
----------------------------------
      carLicense delete   4
  otherTelephone delete   4
      carLicense replace  3
  otherTelephone replace  4
  otherTelephone delete   123
----------------------------------
      carLicense delete   4
  otherTelephone delete   4
  otherTelephone replace  4
      carLicense replace  3
  otherTelephone delete   123
----------------------------------
      carLicense delete   4
  otherTelephone delete   4
  otherTelephone replace  4
  otherTelephone delete   123
      carLicense replace  3
----------------------------------
  otherTelephone replace  4
      carLicense delete   4
      carLicense replace  3
  otherTelephone delete   4
  otherTelephone delete   123
----------------------------------
  otherTelephone replace  4
      carLicense delete   4
  otherTelephone delete   4
      carLicense replace  3
  otherTelephone delete   123
----------------------------------
  otherTelephone replace  4
      carLicense delete   4
  otherTelephone delete   4
  otherTelephone delete   123
      carLicense replace  3
----------------------------------
  otherTelephone replace  4
  otherTelephone delete   4
      carLicense delete   4
      carLicense replace  3
  otherTelephone delete   123
----------------------------------
  otherTelephone replace  4
  otherTelephone delete   4
      carLicense delete   4
  otherTelephone delete   123
      carLicense replace  3
----------------------------------
  otherTelephone replace  4
  otherTelephone delete   4
  otherTelephone delete   123
      carLicense delete   4
      carLicense replace  3
----------------------------------
  otherTelephone delete   4
      carLicense delete   4
      carLicense replace  3
  otherTelephone replace  4
  otherTelephone delete   123
----------------------------------
  otherTelephone delete   4
      carLicense delete   4
  otherTelephone replace  4
      carLicense replace  3
  otherTelephone delete   123
----------------------------------
  otherTelephone delete   4
      carLicense delete   4
  otherTelephone replace  4
  otherTelephone delete   123
      carLicense replace  3
----------------------------------
  otherTelephone delete   4
  otherTelephone replace  4
      carLicense delete   4
      carLicense replace  3
  otherTelephone delete   123
----------------------------------
  otherTelephone delete   4
  otherTelephone replace  4
      carLicense delete   4
  otherTelephone delete   123
      carLicense replace  3
----------------------------------
  otherTelephone delete   4
  otherTelephone replace  4
  otherTelephone delete   123
      carLicense delete   4
      carLicense replace  3
----------------------------------
== result ===[ 20]=======================
          carLicense: [b'3']
         objectClass: [b'organizationalPerson', b'person', b'top', b'user']
      otherTelephone: [b'4']
-- operations ---------------------------
      carLicense delete   4
      carLicense replace  3
  otherTelephone delete   4
  otherTelephone delete   123
  otherTelephone replace  4
----------------------------------
      carLicense delete   4
      carLicense replace  3
  otherTelephone delete   123
  otherTelephone delete   4
  otherTelephone replace  4
----------------------------------
      carLicense delete   4
  otherTelephone delete   4
      carLicense replace  3
  otherTelephone delete   123
  otherTelephone replace  4
----------------------------------
      carLicense delete   4
  otherTelephone delete   4
  otherTelephone delete   123
      carLicense replace  3
  otherTelephone replace  4
----------------------------------
      carLicense delete   4
  otherTelephone delete   4
  otherTelephone delete   123
  otherTelephone replace  4
      carLicense replace  3
----------------------------------
      carLicense delete   4
  otherTelephone delete   123
      carLicense replace  3
  otherTelephone delete   4
  otherTelephone replace  4
----------------------------------
      carLicense delete   4
  otherTelephone delete   123
  otherTelephone delete   4
      carLicense replace  3
  otherTelephone replace  4
----------------------------------
      carLicense delete   4
  otherTelephone delete   123
  otherTelephone delete   4
  otherTelephone replace  4
      carLicense replace  3
----------------------------------
  otherTelephone delete   4
      carLicense delete   4
      carLicense replace  3
  otherTelephone delete   123
  otherTelephone replace  4
----------------------------------
  otherTelephone delete   4
      carLicense delete   4
  otherTelephone delete   123
      carLicense replace  3
  otherTelephone replace  4
----------------------------------
  otherTelephone delete   4
      carLicense delete   4
  otherTelephone delete   123
  otherTelephone replace  4
      carLicense replace  3
----------------------------------
  otherTelephone delete   4
  otherTelephone delete   123
      carLicense delete   4
      carLicense replace  3
  otherTelephone replace  4
----------------------------------
  otherTelephone delete   4
  otherTelephone delete   123
      carLicense delete   4
  otherTelephone replace  4
      carLicense replace  3
----------------------------------
  otherTelephone delete   4
  otherTelephone delete   123
  otherTelephone replace  4
      carLicense delete   4
      carLicense replace  3
----------------------------------
  otherTelephone delete   123
      carLicense delete   4
      carLicense replace  3
  otherTelephone delete   4
  otherTelephone replace  4
----------------------------------
  otherTelephone delete   123
      carLicense delete   4
  otherTelephone delete   4
      carLicense replace  3
  otherTelephone replace  4
----------------------------------
  otherTelephone delete   123
      carLicense delete   4
  otherTelephone delete   4
  otherTelephone replace  4
      carLicense replace  3
----------------------------------
  otherTelephone delete   123
  otherTelephone delete   4
      carLicense delete   4
      carLicense replace  3
  otherTelephone replace  4
----------------------------------
  otherTelephone delete   123
  otherTelephone delete   4
      carLicense delete   4
  otherTelephone replace  4
      carLicense replace  3
----------------------------------
  otherTelephone delete   123
  otherTelephone delete   4
  otherTelephone replace  4
      carLicense delete   4
      carLicense replace  3
----------------------------------
== result ===[ 80]=======================
ERR_NO_SUCH_ATTRIBUTE (16)
-- operations ---------------------------
      carLicense replace  3
      carLicense delete   4
  otherTelephone replace  4
  otherTelephone delete   4
  otherTelephone delete   123
----------------------------------
      carLicense replace  3
      carLicense delete   4
  otherTelephone replace  4
  otherTelephone delete   123
  otherTelephone delete   4
----------------------------------
      carLicense replace  3
      carLicense delete   4
  otherTelephone delete   4
  otherTelephone replace  4
  otherTelephone delete   123
----------------------------------
      carLicense replace  3
      carLicense delete   4
  otherTelephone delete   4
  otherTelephone delete   123
  otherTelephone replace  4
----------------------------------
      carLicense replace  3
      carLicense delete   4
  otherTelephone delete   123
  otherTelephone replace  4
  otherTelephone delete   4
----------------------------------
      carLicense replace  3
      carLicense delete   4
  otherTelephone delete   123
  otherTelephone delete   4
  otherTelephone replace  4
----------------------------------
      carLicense replace  3
  otherTelephone replace  4
      carLicense delete   4
  otherTelephone delete   4
  otherTelephone delete   123
----------------------------------
      carLicense replace  3
  otherTelephone replace  4
      carLicense delete   4
  otherTelephone delete   123
  otherTelephone delete   4
----------------------------------
      carLicense replace  3
  otherTelephone replace  4
  otherTelephone delete   4
      carLicense delete   4
  otherTelephone delete   123
----------------------------------
      carLicense replace  3
  otherTelephone replace  4
  otherTelephone delete   4
  otherTelephone delete   123
      carLicense delete   4
----------------------------------
      carLicense replace  3
  otherTelephone replace  4
  otherTelephone delete   123
      carLicense delete   4
  otherTelephone delete   4
----------------------------------
      carLicense replace  3
  otherTelephone replace  4
  otherTelephone delete   123
  otherTelephone delete   4
      carLicense delete   4
----------------------------------
      carLicense replace  3
  otherTelephone delete   4
      carLicense delete   4
  otherTelephone replace  4
  otherTelephone delete   123
----------------------------------
      carLicense replace  3
  otherTelephone delete   4
      carLicense delete   4
  otherTelephone delete   123
  otherTelephone replace  4
----------------------------------
      carLicense replace  3
  otherTelephone delete   4
  otherTelephone replace  4
      carLicense delete   4
  otherTelephone delete   123
----------------------------------
      carLicense replace  3
  otherTelephone delete   4
  otherTelephone replace  4
  otherTelephone delete   123
      carLicense delete   4
----------------------------------
      carLicense replace  3
  otherTelephone delete   4
  otherTelephone delete   123
      carLicense delete   4
  otherTelephone replace  4
----------------------------------
      carLicense replace  3
  otherTelephone delete   4
  otherTelephone delete   123
  otherTelephone replace  4
      carLicense delete   4
----------------------------------
      carLicense replace  3
  otherTelephone delete   123
      carLicense delete   4
  otherTelephone replace  4
  otherTelephone delete   4
----------------------------------
      carLicense replace  3
  otherTelephone delete   123
      carLicense delete   4
  otherTelephone delete   4
  otherTelephone replace  4
----------------------------------
      carLicense replace  3
  otherTelephone delete   123
  otherTelephone replace  4
      carLicense delete   4
  otherTelephone delete   4
----------------------------------
      carLicense replace  3
  otherTelephone delete   123
  otherTelephone replace  4
  otherTelephone delete   4
      carLicense delete   4
----------------------------------
      carLicense replace  3
  otherTelephone delete   123
  otherTelephone delete   4
      carLicense delete   4
  otherTelephone replace  4
----------------------------------
      carLicense replace  3
  otherTelephone delete   123
  otherTelephone delete   4
  otherTelephone replace  4
      carLicense delete   4
----------------------------------
      carLicense delete   4
      carLicense replace  3
  otherTelephone replace  4
  otherTelephone delete   123
  otherTelephone delete   4
----------------------------------
      carLicense delete   4
      carLicense replace  3
  otherTelephone delete   123
  otherTelephone replace  4
  otherTelephone delete   4
----------------------------------
      carLicense delete   4
  otherTelephone replace  4
      carLicense replace  3
  otherTelephone delete   123
  otherTelephone delete   4
----------------------------------
      carLicense delete   4
  otherTelephone replace  4
  otherTelephone delete   123
      carLicense replace  3
  otherTelephone delete   4
----------------------------------
      carLicense delete   4
  otherTelephone replace  4
  otherTelephone delete   123
  otherTelephone delete   4
      carLicense replace  3
----------------------------------
      carLicense delete   4
  otherTelephone delete   123
      carLicense replace  3
  otherTelephone replace  4
  otherTelephone delete   4
----------------------------------
      carLicense delete   4
  otherTelephone delete   123
  otherTelephone replace  4
      carLicense replace  3
  otherTelephone delete   4
----------------------------------
      carLicense delete   4
  otherTelephone delete   123
  otherTelephone replace  4
  otherTelephone delete   4
      carLicense replace  3
----------------------------------
  otherTelephone replace  4
      carLicense replace  3
      carLicense delete   4
  otherTelephone delete   4
  otherTelephone delete   123
----------------------------------
  otherTelephone replace  4
      carLicense replace  3
      carLicense delete   4
  otherTelephone delete   123
  otherTelephone delete   4
----------------------------------
  otherTelephone replace  4
      carLicense replace  3
  otherTelephone delete   4
      carLicense delete   4
  otherTelephone delete   123
----------------------------------
  otherTelephone replace  4
      carLicense replace  3
  otherTelephone delete   4
  otherTelephone delete   123
      carLicense delete   4
----------------------------------
  otherTelephone replace  4
      carLicense replace  3
  otherTelephone delete   123
      carLicense delete   4
  otherTelephone delete   4
----------------------------------
  otherTelephone replace  4
      carLicense replace  3
  otherTelephone delete   123
  otherTelephone delete   4
      carLicense delete   4
----------------------------------
  otherTelephone replace  4
      carLicense delete   4
      carLicense replace  3
  otherTelephone delete   123
  otherTelephone delete   4
----------------------------------
  otherTelephone replace  4
      carLicense delete   4
  otherTelephone delete   123
      carLicense replace  3
  otherTelephone delete   4
----------------------------------
  otherTelephone replace  4
      carLicense delete   4
  otherTelephone delete   123
  otherTelephone delete   4
      carLicense replace  3
----------------------------------
  otherTelephone replace  4
  otherTelephone delete   4
      carLicense replace  3
      carLicense delete   4
  otherTelephone delete   123
----------------------------------
  otherTelephone replace  4
  otherTelephone delete   4
      carLicense replace  3
  otherTelephone delete   123
      carLicense delete   4
----------------------------------
  otherTelephone replace  4
  otherTelephone delete   4
  otherTelephone delete   123
      carLicense replace  3
      carLicense delete   4
----------------------------------
  otherTelephone replace  4
  otherTelephone delete   123
      carLicense replace  3
      carLicense delete   4
  otherTelephone delete   4
----------------------------------
  otherTelephone replace  4
  otherTelephone delete   123
      carLicense replace  3
  otherTelephone delete   4
      carLicense delete   4
----------------------------------
  otherTelephone replace  4
  otherTelephone delete   123
      carLicense delete   4
      carLicense replace  3
  otherTelephone delete   4
----------------------------------
  otherTelephone replace  4
  otherTelephone delete   123
      carLicense delete   4
  otherTelephone delete   4
      carLicense replace  3
----------------------------------
  otherTelephone replace  4
  otherTelephone delete   123
  otherTelephone delete   4
      carLicense replace  3
      carLicense delete   4
----------------------------------
  otherTelephone replace  4
  otherTelephone delete   123
  otherTelephone delete   4
      carLicense delete   4
      carLicense replace  3
----------------------------------
  otherTelephone delete   4
      carLicense replace  3
      carLicense delete   4
  otherTelephone replace  4
  otherTelephone delete   123
----------------------------------
  otherTelephone delete   4
      carLicense replace  3
      carLicense delete   4
  otherTelephone delete   123
  otherTelephone replace  4
----------------------------------
  otherTelephone delete   4
      carLicense replace  3
  otherTelephone replace  4
      carLicense delete   4
  otherTelephone delete   123
----------------------------------
  otherTelephone delete   4
      carLicense replace  3
  otherTelephone replace  4
  otherTelephone delete   123
      carLicense delete   4
----------------------------------
  otherTelephone delete   4
      carLicense replace  3
  otherTelephone delete   123
      carLicense delete   4
  otherTelephone replace  4
----------------------------------
  otherTelephone delete   4
      carLicense replace  3
  otherTelephone delete   123
  otherTelephone replace  4
      carLicense delete   4
----------------------------------
  otherTelephone delete   4
  otherTelephone replace  4
      carLicense replace  3
      carLicense delete   4
  otherTelephone delete   123
----------------------------------
  otherTelephone delete   4
  otherTelephone replace  4
      carLicense replace  3
  otherTelephone delete   123
      carLicense delete   4
----------------------------------
  otherTelephone delete   4
  otherTelephone replace  4
  otherTelephone delete   123
      carLicense replace  3
      carLicense delete   4
----------------------------------
  otherTelephone delete   4
  otherTelephone delete   123
      carLicense replace  3
      carLicense delete   4
  otherTelephone replace  4
----------------------------------
  otherTelephone delete   4
  otherTelephone delete   123
      carLicense replace  3
  otherTelephone replace  4
      carLicense delete   4
----------------------------------
  otherTelephone delete   4
  otherTelephone delete   123
  otherTelephone replace  4
      carLicense replace  3
      carLicense delete   4
----------------------------------
  otherTelephone delete   123
      carLicense replace  3
      carLicense delete   4
  otherTelephone replace  4
  otherTelephone delete   4
----------------------------------
  otherTelephone delete   123
      carLicense replace  3
      carLicense delete   4
  otherTelephone delete   4
  otherTelephone replace  4
----------------------------------
  otherTelephone delete   123
      carLicense replace  3
  otherTelephone replace  4
      carLicense delete   4
  otherTelephone delete   4
----------------------------------
  otherTelephone delete   123
      carLicense replace  3
  otherTelephone replace  4
  otherTelephone delete   4
      carLicense delete   4
----------------------------------
  otherTelephone delete   123
      carLicense replace  3
  otherTelephone delete   4
      carLicense delete   4
  otherTelephone replace  4
----------------------------------
  otherTelephone delete   123
      carLicense replace  3
  otherTelephone delete   4
  otherTelephone replace  4
      carLicense delete   4
----------------------------------
  otherTelephone delete   123
      carLicense delete   4
      carLicense replace  3
  otherTelephone replace  4
  otherTelephone delete   4
----------------------------------
  otherTelephone delete   123
      carLicense delete   4
  otherTelephone replace  4
      carLicense replace  3
  otherTelephone delete   4
----------------------------------
  otherTelephone delete   123
      carLicense delete   4
  otherTelephone replace  4
  otherTelephone delete   4
      carLicense replace  3
----------------------------------
  otherTelephone delete   123
  otherTelephone replace  4
      carLicense replace  3
      carLicense delete   4
  otherTelephone delete   4
----------------------------------
  otherTelephone delete   123
  otherTelephone replace  4
      carLicense replace  3
  otherTelephone delete   4
      carLicense delete   4
----------------------------------
  otherTelephone delete   123
  otherTelephone replace  4
      carLicense delete   4
      carLicense replace  3
  otherTelephone delete   4
----------------------------------
  otherTelephone delete   123
  otherTelephone replace  4
      carLicense delete   4
  otherTelephone delete   4
      carLicense replace  3
----------------------------------
  otherTelephone delete   123
  otherTelephone replace  4
  otherTelephone delete   4
      carLicense replace  3
      carLicense delete   4
----------------------------------
  otherTelephone delete   123
  otherTelephone replace  4
  otherTelephone delete   4
      carLicense delete   4
      carLicense replace  3
----------------------------------
  otherTelephone delete   123
  otherTelephone delete   4
      carLicense replace  3
      carLicense delete   4
  otherTelephone replace  4
----------------------------------
  otherTelephone delete   123
  otherTelephone delete   4
      carLicense replace  3
  otherTelephone replace  4
      carLicense delete   4
----------------------------------
  otherTelephone delete   123
  otherTelephone delete   4
  otherTelephone replace  4
      carLicense replace  3
      carLicense delete   4
----------------------------------