comment = [u'FAVOURITE COLOUR IS 0', u'FAVOURITE COLOUR IS 0', u'FAVOURITE COLOUR IS 0', u'FAVOURITE COLOUR IS 0', u'FAVOURITE COLOUR IS 1', u'FAVOURITE COLOUR IS 1', u'FAVOURITE COLOUR IS 1', u'FAVOURITE COLOUR IS 1', u'FAVOURITE COLOUR IS 1', u'FAVOURITE COLOUR IS 10', u'FAVOURITE COLOUR IS 11', u'FAVOURITE COLOUR IS 12', u'FAVOURITE COLOUR IS 13', u'FAVOURITE COLOUR IS 14', u'FAVOURITE COLOUR IS 15', u'FAVOURITE COLOUR IS 16', u'FAVOURITE COLOUR IS 2', u'FAVOURITE COLOUR IS 3', u'FAVOURITE COLOUR IS 3', u'FAVOURITE COLOUR IS 3', u'FAVOURITE COLOUR IS 3', u'FAVOURITE COLOUR IS 3', u'FAVOURITE COLOUR IS 4', u'FAVOURITE COLOUR IS 5', u'FAVOURITE COLOUR IS 5', u'FAVOURITE COLOUR IS 5', u'FAVOURITE COLOUR IS 6', u'FAVOURITE COLOUR IS 6', u'FAVOURITE COLOUR IS 7', u'FAVOURITE COLOUR IS 7', u'FAVOURITE COLOUR IS 8', u'FAVOURITE COLOUR IS 9', u'FAVOURITE COLOUR IS 9']
msTSExpireDate4 = ['19000101010000.0Z', '19010101010000.0Z', '19020101010000.0Z', '19030101010000.0Z', '19040101010000.0Z', '19050101010000.0Z', '19060101010000.0Z', '19070101010000.0Z', '19080101010000.0Z', '19090101010000.0Z', '19100101010000.0Z', '19110101010000.0Z', '19120101010000.0Z', '19130101010000.0Z', '19140101010000.0Z', '19150101010000.0Z', '19160101010000.0Z', '19170101010000.0Z', '19180101010000.0Z', '19190101010000.0Z', '19200101010000.0Z', '19210101010000.0Z', '19220101010000.0Z', '19230101010000.0Z', '19240101010000.0Z', '19250101010000.0Z', '19260101010000.0Z', '19270101010000.0Z', '19280101010000.0Z', '19290101010000.0Z', '19300101010000.0Z', '19310101010000.0Z', '19320101010000.0Z']
audio = ['An octet string \x000 \xe2\x99\xab\xe2\x99\xac\x00lalala', 'An octet string \x022 \xe2\x99\xab\xe2\x99\xac\x00lalala', 'An octet string \x044 \xe2\x99\xab\xe2\x99\xac\x00lalala', 'An octet string \x066 \xe2\x99\xab\xe2\x99\xac\x00lalala', 'An octet string \x088 \xe2\x99\xab\xe2\x99\xac\x00lalala', 'An octet string \n10 \xe2\x99\xab\xe2\x99\xac\x00lalala', 'An octet string \x0c12 \xe2\x99\xab\xe2\x99\xac\x00lalala', 'An octet string \x0e14 \xe2\x99\xab\xe2\x99\xac\x00lalala', 'An octet string \x1016 \xe2\x99\xab\xe2\x99\xac\x00lalala', 'An octet string \x1218 \xe2\x99\xab\xe2\x99\xac\x00lalala', 'An octet string \x1420 \xe2\x99\xab\xe2\x99\xac\x00lalala', 'An octet string \x1622 \xe2\x99\xab\xe2\x99\xac\x00lalala', 'An octet string \x1824 \xe2\x99\xab\xe2\x99\xac\x00lalala', 'An octet string \x1a26 \xe2\x99\xab\xe2\x99\xac\x00lalala', 'An octet string \x1c28 \xe2\x99\xab\xe2\x99\xac\x00lalala', 'An octet string \x1e30 \xe2\x99\xab\xe2\x99\xac\x00lalala', 'An octet string  32 \xe2\x99\xab\xe2\x99\xac\x00lalala', 'an octet string \x011 \xe2\x99\xab\xe2\x99\xac\x00lalala', 'an octet string \x033 \xe2\x99\xab\xe2\x99\xac\x00lalala', 'an octet string \x055 \xe2\x99\xab\xe2\x99\xac\x00lalala', 'an octet string \x077 \xe2\x99\xab\xe2\x99\xac\x00lalala', 'an octet string \t9 \xe2\x99\xab\xe2\x99\xac\x00lalala', 'an octet string \x0b11 \xe2\x99\xab\xe2\x99\xac\x00lalala', 'an octet string \r13 \xe2\x99\xab\xe2\x99\xac\x00lalala', 'an octet string \x0f15 \xe2\x99\xab\xe2\x99\xac\x00lalala', 'an octet string \x1117 \xe2\x99\xab\xe2\x99\xac\x00lalala', 'an octet string \x1319 \xe2\x99\xab\xe2\x99\xac\x00lalala', 'an octet string \x1521 \xe2\x99\xab\xe2\x99\xac\x00lalala', 'an octet string \x1723 \xe2\x99\xab\xe2\x99\xac\x00lalala', 'an octet string \x1925 \xe2\x99\xab\xe2\x99\xac\x00lalala', 'an octet string \x1b27 \xe2\x99\xab\xe2\x99\xac\x00lalala', 'an octet string \x1d29 \xe2\x99\xab\xe2\x99\xac\x00lalala', 'an octet string \x1f31 \xe2\x99\xab\xe2\x99\xac\x00lalala']
adminDisplayName = [u'10\x00B', u'11\x00B', u'12\x00B', u'13\x00B', u'14\x00B', u'15\x00B', u'16\x00B', u'17\x00B', u'18\x00B', u'19\x00B', u'1\x00B', u'20\x00B', u'21\x00B', u'22\x00B', u'23\x00B', u'24\x00B', u'25\x00B', u'26\x00B', u'27\x00B', u'28\x00B', u'29\x00B', u'2\x00B', u'30\x00B', u'31\x00B', u'32\x00B', u'33\x00B', u'3\x00B', u'4\x00B', u'5\x00B', u'6\x00B', u'7\x00B', u'8\x00B', u'9\x00B']
cn = [u'SORTTEST0', u'SORTTEST1', u'SORTTEST10', u'SORTTEST11', u'SORTTEST12', u'SORTTEST13', u'SORTTEST14', u'SORTTEST15', u'SORTTEST16', u'SORTTEST17', u'SORTTEST18', u'SORTTEST19', u'SORTTEST2', u'SORTTEST20', u'SORTTEST21', u'SORTTEST22', u'SORTTEST23', u'SORTTEST24', u'SORTTEST25', u'SORTTEST26', u'SORTTEST27', u'SORTTEST28', u'SORTTEST29', u'SORTTEST3', u'SORTTEST30', u'SORTTEST31', u'SORTTEST32', u'SORTTEST4', u'SORTTEST5', u'SORTTEST6', u'SORTTEST7', u'SORTTEST8', u'SORTTEST9']
title = [u'10\x00\x00\x00\x00\x00\x00\x00\x00\x00\x00\x00\x00\x00\x00\x00\x00\x00\x00\x00\x00\x00\x00\x00B', u'11\x00\x00\x00\x00\x00\x00\x00\x00\x00\x00\x00\x00\x00\x00\x00\x00\x00\x00\x00\x00\x00\x00B', u'12\x00\x00\x00\x00\x00\x00\x00\x00\x00\x00\x00\x00\x00\x00\x00\x00\x00\x00\x00\x00\x00B', u'13\x00\x00\x00\x00\x00\x00\x00\x00\x00\x00\x00\x00\x00\x00\x00\x00\x00\x00\x00\x00B', u'14\x00\x00\x00\x00\x00\x00\x00\x00\x00\x00\x00\x00\x00\x00\x00\x00\x00\x00\x00B', u'15\x00\x00\x00\x00\x00\x00\x00\x00\x00\x00\x00\x00\x00\x00\x00\x00\x00\x00B', u'16\x00\x00\x00\x00\x00\x00\x00\x00\x00\x00\x00\x00\x00\x00\x00\x00\x00B', u'17\x00\x00\x00\x00\x00\x00\x00\x00\x00\x00\x00\x00\x00\x00\x00\x00B', u'18\x00\x00\x00\x00\x00\x00\x00\x00\x00\x00\x00\x00\x00\x00\x00B', u'19\x00\x00\x00\x00\x00\x00\x00\x00\x00\x00\x00\x00\x00\x00B', u'1\x00\x00\x00\x00\x00\x00\x00\x00\x00\x00\x00\x00\x00\x00\x00\x00\x00\x00\x00\x00\x00\x00\x00\x00\x00\x00\x00\x00\x00\x00\x00\x00B', u'20\x00\x00\x00\x00\x00\x00\x00\x00\x00\x00\x00\x00\x00B', u'21\x00\x00\x00\x00\x00\x00\x00\x00\x00\x00\x00\x00B', u'22\x00\x00\x00\x00\x00\x00\x00\x00\x00\x00\x00B', u'23\x00\x00\x00\x00\x00\x00\x00\x00\x00\x00B', u'24\x00\x00\x00\x00\x00\x00\x00\x00\x00B', u'25\x00\x00\x00\x00\x00\x00\x00\x00B', u'26\x00\x00\x00\x00\x00\x00\x00B', u'27\x00\x00\x00\x00\x00\x00B', u'28\x00\x00\x00\x00\x00B', u'29\x00\x00\x00\x00B', u'2\x00\x00\x00\x00\x00\x00\x00\x00\x00\x00\x00\x00\x00\x00\x00\x00\x00\x00\x00\x00\x00\x00\x00\x00\x00\x00\x00\x00\x00\x00\x00B', u'30\x00\x00\x00B', u'31\x00\x00B', u'32\x00B', u'33B', u'3\x00\x00\x00\x00\x00\x00\x00\x00\x00\x00\x00\x00\x00\x00\x00\x00\x00\x00\x00\x00\x00\x00\x00\x00\x00\x00\x00\x00\x00\x00B', u'4\x00\x00\x00\x00\x00\x00\x00\x00\x00\x00\x00\x00\x00\x00\x00\x00\x00\x00\x00\x00\x00\x00\x00\x00\x00\x00\x00\x00\x00B', u'5\x00\x00\x00\x00\x00\x00\x00\x00\x00\x00\x00\x00\x00\x00\x00\x00\x00\x00\x00\x00\x00\x00\x00\x00\x00\x00\x00\x00B', u'6\x00\x00\x00\x00\x00\x00\x00\x00\x00\x00\x00\x00\x00\x00\x00\x00\x00\x00\x00\x00\x00\x00\x00\x00\x00\x00\x00B', u'7\x00\x00\x00\x00\x00\x00\x00\x00\x00\x00\x00\x00\x00\x00\x00\x00\x00\x00\x00\x00\x00\x00\x00\x00\x00\x00B', u'8\x00\x00\x00\x00\x00\x00\x00\x00\x00\x00\x00\x00\x00\x00\x00\x00\x00\x00\x00\x00\x00\x00\x00\x00\x00B', u'9\x00\x00\x00\x00\x00\x00\x00\x00\x00\x00\x00\x00\x00\x00\x00\x00\x00\x00\x00\x00\x00\x00\x00\x00B']
photo = ['\x001', '\x0010', '\x0011', '\x0012', '\x0013', '\x0014', '\x0015', '\x0016', '\x0017', '\x0018', '\x0019', '\x002', '\x0020', '\x0021', '\x0022', '\x0023', '\x0024', '\x0025', '\x0026', '\x0027', '\x0028', '\x0029', '\x003', '\x0030', '\x0031', '\x0032', '\x0033', '\x004', '\x005', '\x006', '\x007', '\x008', '\x009']
serialNumber = ['abc   "', 'abc   "', 'abc   "', 'abc   "', 'abc -z"', 'abc -z"', 'abc -z"', 'abc -z"', 'abc /}@', 'abc /}@', 'abc /}@', 'abc /}@', 'abc A "', 'abc A "', 'abc A "', 'abc A "', 'abc A "', 'abc Bz"', 'abc Bz"', 'abc Bz"', 'abc Bz"', 'abc a3@', 'abc a3@', 'abc a3@', 'abc a3@', 'abc b}@', 'abc b}@', 'abc b}@', 'abc b}@', 'abc |3@', 'abc |3@', 'abc |3@', 'abc |3@']
roomNumber = [u'10B\x00C', u'11B\x00C', u'12B\x00C', u'13B\x00C', u'14B\x00C', u'15B\x00C', u'16B\x00C', u'17B\x00C', u'18B\x00C', u'19B\x00C', u'1B\x00C', u'20B\x00C', u'21B\x00C', u'22B\x00C', u'23B\x00C', u'24B\x00C', u'25B\x00C', u'26B\x00C', u'27B\x00C', u'28B\x00C', u'29B\x00C', u'2B\x00C', u'30B\x00C', u'31B\x00C', u'32B\x00C', u'33B\x00C', u'3B\x00C', u'4B\x00C', u'5B\x00C', u'6B\x00C', u'7B\x00C', u'8B\x00C', u'9B\x00C']
carLicense = [u'\u540e\u6765\u7ecf', u'\u540e\u6765\u7ecf', u'\u540e\u6765\u7ecf', u'\u540e\u6765\u7ecf', u'\u540e\u6765\u7ecf', u'\u540e\u6765\u7ecf', u'\u540e\u6765\u7ecf', u'\u540e\u6765\u7ecf', u'\u540e\u6765\u7ecf', u'\u540e\u6765\u7ecf', u'\u540e\u6765\u7ecf', u'\u540e\u6765\u7ecf', u'\u540e\u6765\u7ecf', u'\u540e\u6765\u7ecf', u'\u540e\u6765\u7ecf', u'\u540e\u6765\u7ecf', u'\u540e\u6765\u7ecf', u'\u540e\u6765\u7ecf', u'\u540e\u6765\u7ecf', u'\u540e\u6765\u7ecf', u'\u540e\u6765\u7ecf', u'\u540e\u6765\u7ecf', u'\u540e\u6765\u7ecf', u'\u540e\u6765\u7ecf', u'\u540e\u6765\u7ecf', u'\u540e\u6765\u7ecf', u'\u540e\u6765\u7ecf', u'\u540e\u6765\u7ecf', u'\u540e\u6765\u7ecf', u'\u540e\u6765\u7ecf', u'\u540e\u6765\u7ecf', u'\u540e\u6765\u7ecf', u'\u540e\u6765\u7ecf']
streetAddress = [u' ', u' ', u' E', u' E', u'\t-\t', u'\t-\t', u'\n\t\t', u'\n\t\t', u'!@#!@#!', u'1\u20444', u'1', u'1', u'1/4', u'1\u20444', u'1\u20445', u'3', u'ABC', u'K\u014cKAKO', u'\u014a\u01101\u204443\u0166 \u201c\xab\u0110\xd0', u'\u014a\u01101\u204443\u0166\u201c\xab\u0110\xd0', u'SORTTEST', u'SORTT\u0112ST11,', u'\u015aORTTEST2', u'\u015aORTTEST2', u'\u015a-O-R-T-T-E-S-T-2', u'SORTT\u0112ST2,', u'\u1e60ORTTEST4', u'\u1e60ORTTEST4', u'S\xd6RTTEST-5', u'S\xd6RTTEST-5', u'SO-RTTEST7,', u'\u6851\u5df4', u'FO\x00OD']
street = [u'A ST', u'A ST', u'A ST', u'A ST', u'A ST', u'C ST', u'C ST', u'C ST', u'C ST', u'E ST', u'E ST', u'E ST', u'E ST', u'G ST', u'G ST', u'G ST', u'G ST', u'I ST', u'I ST', u'I ST', u'I ST', u'K ST', u'K ST', u'K ST', u'K ST', u'M ST', u'M ST', u'M ST', u'M ST', u'O ST', u'O ST', u'O ST', u'O ST']
employeeNumber = [u'0X', u'1044\n\n\n\n\n\n\n\n\n\n\n\nX', u'1118\n\n\n\n\n\n\n\n\n\n\n\n\nX', u'1190\n\n\n\n\n\n\n\n\n\n\n\n\n\nX', u'1260\n\n\n\n\n\n\n\n\n\n\n\n\n\n\nX', u'1328\n\n\n\n\n\n\n\n\n\n\n\n\n\n\n\nX', u'1394\n\n\n\n\n\n\n\n\n\n\n\n\n\n\n\n\nX', u'1458\n\n\n\n\n\n\n\n\n\n\n\n\n\n\n\n\n\nX', u'1520\n\n\n\n\n\n\n\n\n\n\n\n\n\n\n\n\n\n\nX', u'1580\n\n\n\n\n\n\n\n\n\n\n\n\n\n\n\n\n\n\n\nX', u'1638\n\n\n\n\n\n\n\n\n\n\n\n\n\n\n\n\n\n\n\n\nX', u'1694\n\n\n\n\n\n\n\n\n\n\n\n\n\n\n\n\n\n\n\n\n\nX', u'1748\n\n\n\n\n\n\n\n\n\n\n\n\n\n\n\n\n\n\n\n\n\n\nX', u'1800\n\n\n\n\n\n\n\n\n\n\n\n\n\n\n\n\n\n\n\n\n\n\n\nX', u'1850\n\n\n\n\n\n\n\n\n\n\n\n\n\n\n\n\n\n\n\n\n\n\n\n\nX', u'1898\n\n\n\n\n\n\n\n\n\n\n\n\n\n\n\n\n\n\n\n\n\n\n\n\n\nX', u'194\n\nX', u'1944\n\n\n\n\n\n\n\n\n\n\n\n\n\n\n\n\n\n\n\n\n\n\n\n\n\n\nX', u'1988\n\n\n\n\n\n\n\n\n\n\n\n\n\n\n\n\n\n\n\n\n\n\n\n\n\n\n\nX', u'2030\n\n\n\n\n\n\n\n\n\n\n\n\n\n\n\n\n\n\n\n\n\n\n\n\n\n\n\n\nX', u'2070\n\n\n\n\n\n\n\n\n\n\n\n\n\n\n\n\n\n\n\n\n\n\n\n\n\n\n\n\n\nX', u'2108\n\n\n\n\n\n\n\n\n\n\n\n\n\n\n\n\n\n\n\n\n\n\n\n\n\n\n\n\n\n\nX', u'2144\n\n\n\n\n\n\n\n\n\n\n\n\n\n\n\n\n\n\n\n\n\n\n\n\n\n\n\n\n\n\n\nX', u'288\n\n\nX', u'380\n\n\n\nX', u'470\n\n\n\n\nX', u'558\n\n\n\n\n\nX', u'644\n\n\n\n\n\n\nX', u'728\n\n\n\n\n\n\n\nX', u'810\n\n\n\n\n\n\n\n\nX', u'890\n\n\n\n\n\n\n\n\n\nX', u'968\n\n\n\n\n\n\n\n\n\n\nX', u'98\nX']
postalAddress = [u' ', u' ', u' E', u'\t-\t', u'\n\t\t', u'!@#!@#!', u'1\u20444', u'1', u'1', u'1/4', u'1\u20444', u'1\u20445', u'3', u'ABC', u'K\u014cKAKO', u'\u014a\u01101\u204443\u0166 \u201c\xab\u0110\xd0', u'\u014a\u01101\u204443\u0166\u201c\xab\u0110\xd0', u'SORTTEST', u'SORTT\u0112ST11,', u'\u015aORTTEST2', u'\u015aORTTEST2', u'\u015a-O-R-T-T-E-S-T-2', u'SORTT\u0112ST2,', u'\u1e60ORTTEST4', u'\u1e60ORTTEST4', u'S\xd6RTTEST-5', u'S\xd6RTTEST-5', u'SO-RTTEST7,', u'SO-RTTEST7,', u'\u6851\u5df4', u'\u6851\u5df4', u'FO\x00OD', u'FO\x00OD']
givenName = [u'A', u'A', u'B', u'B', u'C', u'C', u'D', u'D', u'E', u'E', u'F', u'F', u'G', u'G', u'H', u'I', u'J', u'K', u'L', u'M', u'N', u'O', u'P', u'Q', u'R', u'S', u'T', u'U', u'V', u'W', u'X', u'Y', u'Z']
displayNamePrintable = ['0\x00\x00', '1\x00\x01', '10\x00\n', '11\x00\x0b', '12\x00\x0c', '13\x00\r', '14\x00\x0e', '15\x00\x0f', '16\x00\x10', '17\x00\x11', '18\x00\x12', '19\x00\x13', '2\x00\x02', '20\x00\x14', '21\x00\x15', '22\x00\x16', '23\x00\x17', '24\x00\x18', '25\x00\x19', '26\x00\x1a', '27\x00\x1b', '28\x00\x1c', '29\x00\x1d', '3\x00\x03', '30\x00\x1e', '31\x00\x1f', '32\x00 ', '4\x00\x04', '5\x00\x05', '6\x00\x06', '7\x00\x07', '8\x00\x08', '9\x00\t']
